#-----------------------------------------------------------
# Vivado v2024.1 (64-bit)
# SW Build 5076996 on Wed May 22 18:37:14 MDT 2024
# IP Build 5075265 on Wed May 22 21:45:21 MDT 2024
# SharedData Build 5076995 on Wed May 22 18:29:18 MDT 2024
# Start of session at: Sun Mar 30 19:17:11 2025
# Process ID: 20352
# Current directory: C:/Users/pablo_rodriguez/AppData/Roaming/Xilinx/Vivado
# Command line: vivado.exe -gui_launcher_event rodinguilauncherevent8820
# Log file: C:/Users/pablo_rodriguez/AppData/Roaming/Xilinx/Vivado/vivado.log
# Journal file: C:/Users/pablo_rodriguez/AppData/Roaming/Xilinx/Vivado\vivado.jou
# Running On        :ZephyrusG14
# Platform          :Windows Server 2016 or Windows 10
# Operating System  :22631
# Processor Detail  :AMD Ryzen 9 4900HS with Radeon Graphics         
# CPU Frequency     :2994 MHz
# CPU Physical cores:8
# CPU Logical cores :16
# Host memory       :16556 MB
# Swap memory       :6472 MB
# Total Virtual     :23028 MB
# Available Virtual :12203 MB
#-----------------------------------------------------------
start_gui
open_project D:/Dev/projects/xilinx/rapidx_basys3/rapidx_basys3.xpr
update_compile_order -fileset sources_1
open_hw_manager
connect_hw_server -allow_non_jtag
open_hw_target
set_property PROGRAM.FILE {D:/Dev/projects/xilinx/rapidx_basys3/rapidx_basys3.runs/impl_1/basys3_top_level.bit} [get_hw_devices xc7a35t_0]
current_hw_device [get_hw_devices xc7a35t_0]
refresh_hw_device -update_hw_probes false [lindex [get_hw_devices xc7a35t_0] 0]
set_property PROBES.FILE {} [get_hw_devices xc7a35t_0]
set_property FULL_PROBES.FILE {} [get_hw_devices xc7a35t_0]
set_property PROGRAM.FILE {D:/Dev/projects/xilinx/rapidx_basys3/rapidx_basys3.runs/impl_1/basys3_top_level.bit} [get_hw_devices xc7a35t_0]
program_hw_devices [get_hw_devices xc7a35t_0]
refresh_hw_device [lindex [get_hw_devices xc7a35t_0] 0]
archive_project D:/Dev/projects/xilinx/rapidx_basys3.xpr.zip -temp_dir C:/Users/pablo_rodriguez/AppData/Roaming/Xilinx/Vivado/.Xil/Vivado-20352-ZephyrusG14 -force -include_local_ip_cache
archive_project D:/Dev/projects/xilinx/rapidx_basys3.xpr.zip -temp_dir C:/Users/pablo_rodriguez/AppData/Roaming/Xilinx/Vivado/.Xil/Vivado-20352-ZephyrusG14 -force
