#-----------------------------------------------------------
# Vivado v2024.1 (64-bit)
# SW Build 5076996 on Wed May 22 18:37:14 MDT 2024
# IP Build 5075265 on Wed May 22 21:45:21 MDT 2024
# SharedData Build 5076995 on Wed May 22 18:29:18 MDT 2024
# Start of session at: Mon Nov 18 01:25:00 2024
# Process ID: 15504
# Current directory: D:/Files/Desktop/NG-ICDesign/Youssef/vivado project/RV32I_CPU
# Command line: vivado.exe -gui_launcher_event rodinguilauncherevent20372 D:\Files\Desktop\NG-ICDesign\Youssef\vivado project\RV32I_CPU\RV32I_CPU.xpr
# Log file: D:/Files/Desktop/NG-ICDesign/Youssef/vivado project/RV32I_CPU/vivado.log
# Journal file: D:/Files/Desktop/NG-ICDesign/Youssef/vivado project/RV32I_CPU\vivado.jou
# Running On        :ZephyrusG14
# Platform          :Windows Server 2016 or Windows 10
# Operating System  :22631
# Processor Detail  :AMD Ryzen 9 4900HS with Radeon Graphics         
# CPU Frequency     :2994 MHz
# CPU Physical cores:8
# CPU Logical cores :16
# Host memory       :16556 MB
# Swap memory       :6170 MB
# Total Virtual     :22727 MB
# Available Virtual :4387 MB
#-----------------------------------------------------------
start_gui
open_project {D:/Files/Desktop/NG-ICDesign/Youssef/vivado project/RV32I_CPU/RV32I_CPU.xpr}
