Copyright 1986-2022 Xilinx, Inc. All Rights Reserved. Copyright 2022-2024 Advanced Micro Devices, Inc. All Rights Reserved.
---------------------------------------------------------------------------------------------------------------------------------------------
| Tool Version : Vivado v.2024.2 (win64) Build 5239630 Fri Nov 08 22:35:27 MST 2024
| Date         : Wed Mar 12 15:12:58 2025
| Host         : DESKTOP-T92VI6B running 64-bit major release  (build 9200)
| Command      : report_control_sets -verbose -file rapid_soc_control_sets_placed.rpt
| Design       : rapid_soc
| Device       : xc7a35t
---------------------------------------------------------------------------------------------------------------------------------------------

Control Set Information

Table of Contents
-----------------
1. Summary
2. Histogram
3. Flip-Flop Distribution
4. Detailed Control Set Information

1. Summary
----------

+----------------------------------------------------------+-------+
|                          Status                          | Count |
+----------------------------------------------------------+-------+
| Total control sets                                       |    29 |
|    Minimum number of control sets                        |    29 |
|    Addition due to synthesis replication                 |     0 |
|    Addition due to physical synthesis replication        |     0 |
| Unused register locations in slices containing registers |    59 |
+----------------------------------------------------------+-------+
* Control sets can be merged at opt_design using control_set_merge or merge_equivalent_drivers
** Run report_qor_suggestions for automated merging and remapping suggestions


2. Histogram
------------

+--------------------+-------+
|       Fanout       | Count |
+--------------------+-------+
| Total control sets |    29 |
| >= 0 to < 4        |     3 |
| >= 4 to < 6        |     2 |
| >= 6 to < 8        |     1 |
| >= 8 to < 10       |     0 |
| >= 10 to < 12      |     2 |
| >= 12 to < 14      |     1 |
| >= 14 to < 16      |     0 |
| >= 16              |    20 |
+--------------------+-------+
* Control sets can be remapped at either synth_design or opt_design


3. Flip-Flop Distribution
-------------------------

+--------------+-----------------------+------------------------+-----------------+--------------+
| Clock Enable | Synchronous Set/Reset | Asynchronous Set/Reset | Total Registers | Total Slices |
+--------------+-----------------------+------------------------+-----------------+--------------+
| No           | No                    | No                     |              92 |           41 |
| No           | No                    | Yes                    |              33 |           10 |
| No           | Yes                   | No                     |              16 |            5 |
| Yes          | No                    | No                     |              79 |           41 |
| Yes          | No                    | Yes                    |             677 |          291 |
| Yes          | Yes                   | No                     |               4 |            2 |
+--------------+-----------------------+------------------------+-----------------+--------------+


4. Detailed Control Set Information
-----------------------------------

+-----------------------------------------------------------------+---------------------------------------------------+--------------------------------------------------+------------------+----------------+--------------+
|                           Clock Signal                          |                   Enable Signal                   |                 Set/Reset Signal                 | Slice Load Count | Bel Load Count | Bels / Slice |
+-----------------------------------------------------------------+---------------------------------------------------+--------------------------------------------------+------------------+----------------+--------------+
|  n_0_1880_BUFG                                                  |                                                   | rst_indicator_OBUF                               |                1 |              1 |         1.00 |
|  graphics_engine/display_driver/pixelClockDivider/out_clk_reg_0 |                                                   |                                                  |                1 |              1 |         1.00 |
|  lcd/mux/selectClockDivider/out_clk                             |                                                   |                                                  |                1 |              2 |         2.00 |
|  graphics_engine/display_driver/pixelClockDivider/out_clk_reg_0 | graphics_engine/display_driver/p_0_in             | graphics_engine/display_driver/yCoord[9]_i_1_n_2 |                2 |              4 |         2.00 |
|  i_clk_IBUF_BUFG                                                |                                                   | cpu_clk_div/counter_reg_n_2_[4]                  |                1 |              5 |         5.00 |
|  graphics_engine/display_driver/pixelClockDivider/out_clk_reg_0 | graphics_engine/display_driver/p_0_in             |                                                  |                3 |              6 |         2.00 |
|  n_1_2237_BUFG                                                  | cpu/memory_unit/state_reg_1                       | rst_indicator_OBUF                               |                3 |             11 |         3.67 |
|  graphics_engine/display_driver/pixelClockDivider/out_clk_reg_0 |                                                   | graphics_engine/display_driver/p_0_in            |                4 |             11 |         2.75 |
| ~i_clk_IBUF_BUFG                                                |                                                   |                                                  |                3 |             12 |         4.00 |
|  n_1_2237_BUFG                                                  |                                                   | rst_indicator_OBUF                               |                9 |             32 |         3.56 |
|  i_clk_IBUF_BUFG                                                | cpu/memory_unit/iv_control_signal_reg[iop]_0[0]   | rst_indicator_OBUF                               |               16 |             32 |         2.00 |
|  n_0_1880_BUFG                                                  | cpu/memory_unit/iv_control_signal_reg[mem]_10[0]  | rst_indicator_OBUF                               |               10 |             32 |         3.20 |
|  n_0_1880_BUFG                                                  | cpu/memory_unit/iv_control_signal_reg[mem]_11[0]  | rst_indicator_OBUF                               |                9 |             32 |         3.56 |
|  n_0_1880_BUFG                                                  | cpu/memory_unit/iv_control_signal_reg[mem]_13[0]  | rst_indicator_OBUF                               |               11 |             32 |         2.91 |
|  n_0_1880_BUFG                                                  | cpu/memory_unit/iv_control_signal_reg[mem]_14[0]  | rst_indicator_OBUF                               |               12 |             32 |         2.67 |
|  n_0_1880_BUFG                                                  | cpu/memory_unit/iv_control_signal_reg[mem]_12[0]  | rst_indicator_OBUF                               |               10 |             32 |         3.20 |
|  n_0_1880_BUFG                                                  | cpu/memory_unit/iv_control_signal_reg[mem]_1[0]   | rst_indicator_OBUF                               |               17 |             32 |         1.88 |
|  n_0_1880_BUFG                                                  | cpu/memory_unit/iv_control_signal_reg[mem]_5[0]   | rst_indicator_OBUF                               |               16 |             32 |         2.00 |
|  n_0_1880_BUFG                                                  | cpu/memory_unit/iv_control_signal_reg[mem]_15[0]  | rst_indicator_OBUF                               |               17 |             32 |         1.88 |
|  n_0_1880_BUFG                                                  | cpu/memory_unit/iv_control_signal_reg[mem]_3[0]   | rst_indicator_OBUF                               |               16 |             32 |         2.00 |
|  n_0_1880_BUFG                                                  | cpu/memory_unit/iv_control_signal_reg[mem]_8[0]   | rst_indicator_OBUF                               |               16 |             32 |         2.00 |
|  n_0_1880_BUFG                                                  | cpu/memory_unit/iv_control_signal_reg[mem]_7[0]   | rst_indicator_OBUF                               |               22 |             32 |         1.45 |
|  n_0_1880_BUFG                                                  | cpu/memory_unit/iv_control_signal_reg[mem]_4[0]   | rst_indicator_OBUF                               |               14 |             32 |         2.29 |
|  n_0_1880_BUFG                                                  | cpu/memory_unit/iv_control_signal_reg[mem]_2[0]   | rst_indicator_OBUF                               |               12 |             32 |         2.67 |
|  n_0_1880_BUFG                                                  | cpu/memory_unit/iv_control_signal_reg[mem]_6[0]   | rst_indicator_OBUF                               |               22 |             32 |         1.45 |
|  n_0_1880_BUFG                                                  | cpu/memory_unit/iv_control_signal_reg[mem]_9[0]   | rst_indicator_OBUF                               |               19 |             32 |         1.68 |
|  n_0_1880_BUFG                                                  | cpu/memory_unit/iv_control_signal[mem]_i_1__0_n_2 |                                                  |               38 |             73 |         1.92 |
|  i_clk_IBUF_BUFG                                                |                                                   |                                                  |               36 |             77 |         2.14 |
|  n_0_1880_BUFG                                                  | cpu/memory_unit/E[0]                              | rst_indicator_OBUF                               |               49 |            154 |         3.14 |
+-----------------------------------------------------------------+---------------------------------------------------+--------------------------------------------------+------------------+----------------+--------------+


