#-----------------------------------------------------------
# Vivado v2024.1 (64-bit)
# SW Build 5076996 on Wed May 22 18:37:14 MDT 2024
# IP Build 5075265 on Wed May 22 21:45:21 MDT 2024
# SharedData Build 5076995 on Wed May 22 18:29:18 MDT 2024
# Start of session at: Wed Mar 26 05:11:53 2025
# Process ID: 1208
# Current directory: D:/Dev/projects/xilinx/rapidx_basys3/rapidx_basys3.runs/impl_1
# Command line: vivado.exe -log basys3_top_level.vdi -applog -product Vivado -messageDb vivado.pb -mode batch -source basys3_top_level.tcl -notrace
# Log file: D:/Dev/projects/xilinx/rapidx_basys3/rapidx_basys3.runs/impl_1/basys3_top_level.vdi
# Journal file: D:/Dev/projects/xilinx/rapidx_basys3/rapidx_basys3.runs/impl_1\vivado.jou
# Running On        :ZephyrusG14
# Platform          :Windows Server 2016 or Windows 10
# Operating System  :22631
# Processor Detail  :AMD Ryzen 9 4900HS with Radeon Graphics         
# CPU Frequency     :2994 MHz
# CPU Physical cores:8
# CPU Logical cores :16
# Host memory       :16556 MB
# Swap memory       :7256 MB
# Total Virtual     :23812 MB
# Available Virtual :4572 MB
#-----------------------------------------------------------
source basys3_top_level.tcl -notrace
