#-----------------------------------------------------------
# Vivado v2024.2 (64-bit)
# SW Build 5239630 on Fri Nov 08 22:35:27 MST 2024
# IP Build 5239520 on Sun Nov 10 16:12:51 MST 2024
# SharedData Build 5239561 on Fri Nov 08 14:39:27 MST 2024
# Start of session at: Thu Mar  6 18:38:12 2025
# Process ID         : 27568
# Current directory  : U:/Senior Design/RAPID-X Core/vivado-project/rapid-x/rapid-x.runs/blk_cpu_mem_synth_1
# Command line       : vivado.exe -log blk_cpu_mem.vds -product Vivado -mode batch -messageDb vivado.pb -notrace -source blk_cpu_mem.tcl
# Log file           : U:/Senior Design/RAPID-X Core/vivado-project/rapid-x/rapid-x.runs/blk_cpu_mem_synth_1/blk_cpu_mem.vds
# Journal file       : U:/Senior Design/RAPID-X Core/vivado-project/rapid-x/rapid-x.runs/blk_cpu_mem_synth_1\vivado.jou
# Running On         : DESKTOP-T92VI6B
# Platform           : Windows Server 2016 or Windows 10
# Operating System   : 19045
# Processor Detail   : AMD Ryzen 7 5700X3D 8-Core Processor           
# CPU Frequency      : 3000 MHz
# CPU Physical cores : 8
# CPU Logical cores  : 16
# Host memory        : 42895 MB
# Swap memory        : 9126 MB
# Total Virtual      : 52021 MB
# Available Virtual  : 15000 MB
#-----------------------------------------------------------
source blk_cpu_mem.tcl -notrace
